Rc files read (in order):
  NONE
Latexmk: This is Latexmk, John Collins, 9 March 2026. Version 4.88.
No existing .aux file, so I'll make a simple one, and require run of *latex.
Latexmk: applying rule 'pdflatex'...
Rule 'pdflatex':  Reasons for rerun
Category 'other':
  Rerun of 'pdflatex' forced or previously required:
    Reason or flag: 'Initial setup'

------------
Run number 1 of rule 'pdflatex'
------------
------------
Running 'pdflatex  -interaction=nonstopmode -recorder  "main.tex"'
------------
This is pdfTeX, Version 3.141592653-2.6-1.40.26 (MiKTeX 24.4) (preloaded format=pdflatex.fmt)
 restricted \write18 enabled.
entering extended mode
(main.tex
LaTeX2e <2024-06-01> patch level 2
L3 programming layer <2024-08-16>

(C:\Users\mazou\AppData\Local\Programs\MiKTeX\tex/latex/elsarticle\elsarticle.c
ls
Document Class: elsarticle 2026/01/09, 3.5: Elsevier Ltd
(C:\Users\mazou\AppData\Local\Programs\MiKTeX\tex/latex/base\fontenc.sty)
(C:\Users\mazou\AppData\Local\Programs\MiKTeX\tex/latex/l3kernel\expl3.sty
(C:\Users\mazou\AppData\Local\Programs\MiKTeX\tex/latex/l3backend\l3backend-pdf
tex.def))
(C:\Users\mazou\AppData\Local\Programs\MiKTeX\tex/latex/l3packages/xparse\xpars
e.sty)
(C:\Users\mazou\AppData\Local\Programs\MiKTeX\tex/latex/etoolbox\etoolbox.sty)
(C:\Users\mazou\AppData\Local\Programs\MiKTeX\tex/latex/base\article.cls
Document Class: article 2024/02/08 v1.4n Standard LaTeX document class
(C:\Users\mazou\AppData\Local\Programs\MiKTeX\tex/latex/base\size10.clo))
(C:\Users\mazou\AppData\Local\Programs\MiKTeX\tex/latex/graphics\graphicx.sty
(C:\Users\mazou\AppData\Local\Programs\MiKTeX\tex/latex/graphics\keyval.sty)
(C:\Users\mazou\AppData\Local\Programs\MiKTeX\tex/latex/graphics\graphics.sty
(C:\Users\mazou\AppData\Local\Programs\MiKTeX\tex/latex/graphics\trig.sty)
(C:\Users\mazou\AppData\Local\Programs\MiKTeX\tex/latex/graphics-cfg\graphics.c
fg)
(C:\Users\mazou\AppData\Local\Programs\MiKTeX\tex/latex/graphics-def\pdftex.def
))) (C:\Users\mazou\AppData\Local\Programs\MiKTeX\tex/latex/natbib\natbib.sty)
(C:\Users\mazou\AppData\Local\Programs\MiKTeX\tex/latex/geometry\geometry.sty
(C:\Users\mazou\AppData\Local\Programs\MiKTeX\tex/generic/iftex\ifvtex.sty
(C:\Users\mazou\AppData\Local\Programs\MiKTeX\tex/generic/iftex\iftex.sty))
(C:\Users\mazou\AppData\Local\Programs\MiKTeX\tex/latex/geometry\geometry.cfg))
) (C:\Users\mazou\AppData\Local\Programs\MiKTeX\tex/latex/txfonts\txfonts.sty)
(C:\Users\mazou\AppData\Local\Programs\MiKTeX\tex/latex/amsmath\amsmath.sty
For additional information on amsmath, use the `?' option.
(C:\Users\mazou\AppData\Local\Programs\MiKTeX\tex/latex/amsmath\amstext.sty
(C:\Users\mazou\AppData\Local\Programs\MiKTeX\tex/latex/amsmath\amsgen.sty))
(C:\Users\mazou\AppData\Local\Programs\MiKTeX\tex/latex/amsmath\amsbsy.sty)
(C:\Users\mazou\AppData\Local\Programs\MiKTeX\tex/latex/amsmath\amsopn.sty))
(C:\Users\mazou\AppData\Local\Programs\MiKTeX\tex/latex/amsfonts\amssymb.sty
(C:\Users\mazou\AppData\Local\Programs\MiKTeX\tex/latex/amsfonts\amsfonts.sty))
 (C:\Users\mazou\AppData\Local\Programs\MiKTeX\tex/latex/booktabs\booktabs.sty)
 (C:\Users\mazou\AppData\Local\Programs\MiKTeX\tex/latex/multirow\multirow.sty)
 (C:\Users\mazou\AppData\Local\Programs\MiKTeX\tex/latex/makecell\makecell.sty
(C:\Users\mazou\AppData\Local\Programs\MiKTeX\tex/latex/tools\array.sty))
(C:\Users\mazou\AppData\Local\Programs\MiKTeX\tex/latex/xcolor\xcolor.sty
(C:\Users\mazou\AppData\Local\Programs\MiKTeX\tex/latex/graphics-cfg\color.cfg)
(C:\Users\mazou\AppData\Local\Programs\MiKTeX\tex/latex/graphics\mathcolor.ltx)
) (C:\Users\mazou\AppData\Local\Programs\MiKTeX\tex/latex/hyperref\hyperref.sty

(C:\Users\mazou\AppData\Local\Programs\MiKTeX\tex/latex/kvsetkeys\kvsetkeys.sty
)
(C:\Users\mazou\AppData\Local\Programs\MiKTeX\tex/generic/kvdefinekeys\kvdefine
keys.sty)
(C:\Users\mazou\AppData\Local\Programs\MiKTeX\tex/generic/pdfescape\pdfescape.s
ty
(C:\Users\mazou\AppData\Local\Programs\MiKTeX\tex/generic/ltxcmds\ltxcmds.sty)
(C:\Users\mazou\AppData\Local\Programs\MiKTeX\tex/generic/pdftexcmds\pdftexcmds
.sty
(C:\Users\mazou\AppData\Local\Programs\MiKTeX\tex/generic/infwarerr\infwarerr.s
ty)))
(C:\Users\mazou\AppData\Local\Programs\MiKTeX\tex/latex/hycolor\hycolor.sty)
(C:\Users\mazou\AppData\Local\Programs\MiKTeX\tex/latex/hyperref\nameref.sty
(C:\Users\mazou\AppData\Local\Programs\MiKTeX\tex/latex/refcount\refcount.sty)
(C:\Users\mazou\AppData\Local\Programs\MiKTeX\tex/generic/gettitlestring\gettit
lestring.sty
(C:\Users\mazou\AppData\Local\Programs\MiKTeX\tex/latex/kvoptions\kvoptions.sty
)))
(C:\Users\mazou\AppData\Local\Programs\MiKTeX\tex/generic/stringenc\stringenc.s
ty) (C:\Users\mazou\AppData\Local\Programs\MiKTeX\tex/latex/hyperref\pd1enc.def
) (C:\Users\mazou\AppData\Local\Programs\MiKTeX\tex/generic/intcalc\intcalc.sty
) (C:\Users\mazou\AppData\Local\Programs\MiKTeX\tex/latex/hyperref\puenc.def)
(C:\Users\mazou\AppData\Local\Programs\MiKTeX\tex/latex/url\url.sty)
(C:\Users\mazou\AppData\Local\Programs\MiKTeX\tex/generic/bitset\bitset.sty
(C:\Users\mazou\AppData\Local\Programs\MiKTeX\tex/generic/bigintcalc\bigintcalc
.sty))
(C:\Users\mazou\AppData\Local\Programs\MiKTeX\tex/latex/base\atbegshi-ltx.sty))
(C:\Users\mazou\AppData\Local\Programs\MiKTeX\tex/latex/hyperref\hpdftex.def
(C:\Users\mazou\AppData\Local\Programs\MiKTeX\tex/latex/base\atveryend-ltx.sty)

(C:\Users\mazou\AppData\Local\Programs\MiKTeX\tex/latex/rerunfilecheck\rerunfil
echeck.sty
(C:\Users\mazou\AppData\Local\Programs\MiKTeX\tex/generic/uniquecounter\uniquec
ounter.sty)))
(C:\Users\mazou\AppData\Local\Programs\MiKTeX\tex/latex/caption\subcaption.sty
(C:\Users\mazou\AppData\Local\Programs\MiKTeX\tex/latex/caption\caption.sty
(C:\Users\mazou\AppData\Local\Programs\MiKTeX\tex/latex/caption\caption3.sty
(C:\Users\mazou\AppData\Local\Programs\MiKTeX\tex/latex/caption\caption-elsarti
cle.sto))))
(C:\Users\mazou\AppData\Local\Programs\MiKTeX\tex/latex/txfonts\t1txr.fd)
(main.aux)
(C:\Users\mazou\AppData\Local\Programs\MiKTeX\tex/latex/txfonts\omltxmi.fd)
(C:\Users\mazou\AppData\Local\Programs\MiKTeX\tex/latex/txfonts\omstxsy.fd)
(C:\Users\mazou\AppData\Local\Programs\MiKTeX\tex/latex/txfonts\omxtxex.fd)
(C:\Users\mazou\AppData\Local\Programs\MiKTeX\tex/latex/txfonts\utxexa.fd)
(C:\Users\mazou\AppData\Local\Programs\MiKTeX\tex/context/base/mkii\supp-pdf.mk
ii
[Loading MPS to PDF converter (version 2006.09.02).]
)
(C:\Users\mazou\AppData\Local\Programs\MiKTeX\tex/latex/epstopdf-pkg\epstopdf-b
ase.sty
(C:\Users\mazou\AppData\Local\Programs\MiKTeX\tex/latex/00miktex\epstopdf-sys.c
fg))
*geometry* driver: auto-detecting
*geometry* detected driver: pdftex
(C:\Users\mazou\AppData\Local\Programs\MiKTeX\tex/latex/txfonts\ot1txr.fd)
(C:\Users\mazou\AppData\Local\Programs\MiKTeX\tex/latex/txfonts\utxmia.fd)
(C:\Users\mazou\AppData\Local\Programs\MiKTeX\tex/latex/amsfonts\umsa.fd)
(C:\Users\mazou\AppData\Local\Programs\MiKTeX\tex/latex/amsfonts\umsb.fd)
(C:\Users\mazou\AppData\Local\Programs\MiKTeX\tex/latex/txfonts\utxsyc.fd)
[1{C:/Users/mazou/AppData/Local/MiKTeX/fonts/map/pdftex/pdftex.map}{C:/Users/ma
zou/AppData/Local/Programs/MiKTeX/fonts/enc/dvips/base/8r.enc}]
(sections/01_introduction.tex

Package natbib Warning: Citation `leclerc2019camus' on page 2 undefined on inpu
t line 8.


Package natbib Warning: Citation `ronneberger2015unet' on page 2 undefined on i
nput line 9.


Package natbib Warning: Citation `isensee2021nnunet' on page 2 undefined on inp
ut line 9.


Package natbib Warning: Citation `chen2021transunet' on page 2 undefined on inp
ut line 10.


Package natbib Warning: Citation `cao2022swinunet' on page 2 undefined on input
 line 10.


Package natbib Warning: Citation `leclerc2019camus' on page 2 undefined on inpu
t line 14.


LaTeX Warning: Reference `sec:encoding' on page 2 undefined on input line 41.


[2]

LaTeX Warning: Reference `sec:results' on page 3 undefined on input line 59.


LaTeX Warning: Reference `sec:ef' on page 3 undefined on input line 77.

) (sections/02_related_work.tex
[3]

Package natbib Warning: Citation `leclerc2019camus' on page 4 undefined on inpu
t line 6.


Package natbib Warning: Citation `isensee2021nnunet' on page 4 undefined on inp
ut line 15.


Package natbib Warning: Citation `chen2021transunet' on page 4 undefined on inp
ut line 16.


Package natbib Warning: Citation `cao2022swinunet' on page 4 undefined on input
 line 17.


LaTeX Warning: Reference `sec:results' on page 4 undefined on input line 34.


Package natbib Warning: Citation `he2017maskrcnn' on page 4 undefined on input 
line 41.


Package natbib Warning: Citation `bolya2019yolact' on page 4 undefined on input
 line 42.


Package natbib Warning: Citation `redmon2016yolo' on page 4 undefined on input 
line 44.


[4]

LaTeX Warning: Reference `sec:noise' on page 5 undefined on input line 63.


LaTeX Warning: Reference `sec:ef' on page 5 undefined on input line 65.

) (sections/03_methods.tex

Package natbib Warning: Citation `leclerc2019camus' on page 5 undefined on inpu
t line 6.

(C:\Users\mazou\AppData\Local\Programs\MiKTeX\tex/latex/base\t1cmtt.fd)

LaTeX Warning: Reference `sec:results' on page 5 undefined on input line 18.


[5]

LaTeX Warning: Reference `eq:decomp' on page 6 undefined on input line 68.


[6] (C:\Users\mazou\AppData\Local\Programs\MiKTeX\tex/latex/txfonts\ts1txr.fd)
[7]

LaTeX Warning: Reference `sec:results' on page 8 undefined on input line 143.


LaTeX Warning: Reference `sec:results' on page 8 undefined on input line 154.


[8]

LaTeX Warning: Reference `sec:noise' on page 9 undefined on input line 168.

) (sections/04_results.tex

LaTeX Warning: Reference `tab:seeds' on page 9 undefined on input line 8.


[9]

LaTeX Warning: Reference `sec:detection' on page 10 undefined on input line 40.



LaTeX Warning: Reference `tab:ceiling' on page 10 undefined on input line 44.

(tables/Y3_ceiling.tex)

LaTeX Warning: Reference `eq:decomp' on page 10 undefined on input line 56.


LaTeX Warning: Reference `tab:ablation' on page 10 undefined on input line 64.

(tables/Y2_ablation.tex)

LaTeX Warning: Reference `sec:protocol' on page 10 undefined on input line 75.


[10]
[11] (tables/Y1_main.tex)

LaTeX Warning: Reference `tab:main' on page 12 undefined on input line 135.


LaTeX Warning: Reference `tab:main' on page 12 undefined on input line 150.

(tables/Y5_latency.tex)
[12] (tables/Y6_ef.tex

LaTeX Warning: Reference `sec:ef' on page 13 undefined on input line 3.


LaTeX Warning: Reference `sec:ef' on page 13 undefined on input line 3.

)
Overfull \hbox (7.97641pt too wide) in paragraph at lines 190--199
 []\T1/txr/m/it/10 A fault in the ref-er-ence im-ple-men-ta-tion.[] \T1/txr/m/n
/10 The of-fi-cial Simp-son code se-lects \T1/cmtt/m/n/10 find_contours($\OMS/t
xsy/m/n/10 ^^A$\T1/cmtt/m/n/10 )[0]

[13]

LaTeX Warning: Reference `tab:seeds' on page 14 undefined on input line 217.

) (sections/05_discussion.tex
[14]
[15]) (sections/06_conclusion.tex
[16])
[17]
No file main.bbl.

Package natbib Warning: There were undefined citations.


[18]
[19]
[20]
[21]
[22] (main.aux)

LaTeX Warning: There were undefined references.


LaTeX Warning: Label(s) may have changed. Rerun to get cross-references right.


Package rerunfilecheck Warning: File `main.out' has changed.
(rerunfilecheck)                Rerun to get outlines right
(rerunfilecheck)                or use package `bookmark'.

 )
(see the transcript file for additional information) <C:\Users\mazou\AppData\Lo
cal\MiKTeX\fonts/pk/ljfour/jknappen/ec/dpi600\ectt1000.pk><C:/Users/mazou/AppDa
ta/Local/Programs/MiKTeX/fonts/type1/public/txfonts/rtcxr.pfb><C:/Users/mazou/A
ppData/Local/Programs/MiKTeX/fonts/type1/public/txfonts/rtxbi.pfb><C:/Users/maz
ou/AppData/Local/Programs/MiKTeX/fonts/type1/public/txfonts/rtxi.pfb><C:/Users/
mazou/AppData/Local/Programs/MiKTeX/fonts/type1/public/txfonts/rtxmi.pfb><C:/Us
ers/mazou/AppData/Local/Programs/MiKTeX/fonts/type1/public/txfonts/rtxr.pfb><C:
/Users/mazou/AppData/Local/Programs/MiKTeX/fonts/type1/public/txfonts/txsy.pfb>
<C:/Users/mazou/AppData/Local/Programs/MiKTeX/fonts/type1/urw/times/utmb8a.pfb>
<C:/Users/mazou/AppData/Local/Programs/MiKTeX/fonts/type1/urw/times/utmbi8a.pfb
><C:/Users/mazou/AppData/Local/Programs/MiKTeX/fonts/type1/urw/times/utmr8a.pfb
><C:/Users/mazou/AppData/Local/Programs/MiKTeX/fonts/type1/urw/times/utmri8a.pf
b>
Output written on main.pdf (22 pages, 157771 bytes).
Transcript written on main.log.
Latexmk: Getting log file 'main.log'
Latexmk: Examining 'main.fls'
Latexmk: Examining 'main.log'
Latexmk: Missing bbl file 'main.bbl' in following:
 No file main.bbl.
Latexmk: References changed.
Latexmk: References changed.
Latexmk: Log file says output to 'main.pdf'
Latexmk: Using bibtex to make bibliography file(s).
  ===Source file 'main.bbl' for 'pdflatex'
Create bibtex main
Latexmk: Found bibliography file(s):
  ./references.bib
Latexmk: applying rule 'bibtex main'...
Rule 'bibtex main':  Reasons for rerun
Category 'other':
  Rerun of 'bibtex main' forced or previously required:
    Reason or flag: 'Initial set up of rule'

------------
Run number 1 of rule 'bibtex main'
------------
------------
Running 'bibtex  "main.aux"'
------------
This is BibTeX, Version 0.99d (MiKTeX 24.4)
The top-level auxiliary file: main.aux
The style file: elsarticle-num.bst
Database file #1: references.bib
Latexmk: applying rule 'pdflatex'...
Rule 'pdflatex':  Reasons for rerun
Changed files or newly in use/created:
  main.aux
  main.bbl
  main.out

------------
Run number 2 of rule 'pdflatex'
------------
------------
Running 'pdflatex  -interaction=nonstopmode -recorder  "main.tex"'
------------
This is pdfTeX, Version 3.141592653-2.6-1.40.26 (MiKTeX 24.4) (preloaded format=pdflatex.fmt)
 restricted \write18 enabled.
entering extended mode
(main.tex
LaTeX2e <2024-06-01> patch level 2
L3 programming layer <2024-08-16>

(C:\Users\mazou\AppData\Local\Programs\MiKTeX\tex/latex/elsarticle\elsarticle.c
ls
Document Class: elsarticle 2026/01/09, 3.5: Elsevier Ltd
(C:\Users\mazou\AppData\Local\Programs\MiKTeX\tex/latex/base\fontenc.sty)
(C:\Users\mazou\AppData\Local\Programs\MiKTeX\tex/latex/l3kernel\expl3.sty
(C:\Users\mazou\AppData\Local\Programs\MiKTeX\tex/latex/l3backend\l3backend-pdf
tex.def))
(C:\Users\mazou\AppData\Local\Programs\MiKTeX\tex/latex/l3packages/xparse\xpars
e.sty)
(C:\Users\mazou\AppData\Local\Programs\MiKTeX\tex/latex/etoolbox\etoolbox.sty)
(C:\Users\mazou\AppData\Local\Programs\MiKTeX\tex/latex/base\article.cls
Document Class: article 2024/02/08 v1.4n Standard LaTeX document class
(C:\Users\mazou\AppData\Local\Programs\MiKTeX\tex/latex/base\size10.clo))
(C:\Users\mazou\AppData\Local\Programs\MiKTeX\tex/latex/graphics\graphicx.sty
(C:\Users\mazou\AppData\Local\Programs\MiKTeX\tex/latex/graphics\keyval.sty)
(C:\Users\mazou\AppData\Local\Programs\MiKTeX\tex/latex/graphics\graphics.sty
(C:\Users\mazou\AppData\Local\Programs\MiKTeX\tex/latex/graphics\trig.sty)
(C:\Users\mazou\AppData\Local\Programs\MiKTeX\tex/latex/graphics-cfg\graphics.c
fg)
(C:\Users\mazou\AppData\Local\Programs\MiKTeX\tex/latex/graphics-def\pdftex.def
))) (main.spl)
(C:\Users\mazou\AppData\Local\Programs\MiKTeX\tex/latex/natbib\natbib.sty)
(C:\Users\mazou\AppData\Local\Programs\MiKTeX\tex/latex/geometry\geometry.sty
(C:\Users\mazou\AppData\Local\Programs\MiKTeX\tex/generic/iftex\ifvtex.sty
(C:\Users\mazou\AppData\Local\Programs\MiKTeX\tex/generic/iftex\iftex.sty))
(C:\Users\mazou\AppData\Local\Programs\MiKTeX\tex/latex/geometry\geometry.cfg))
) (C:\Users\mazou\AppData\Local\Programs\MiKTeX\tex/latex/txfonts\txfonts.sty)
(C:\Users\mazou\AppData\Local\Programs\MiKTeX\tex/latex/amsmath\amsmath.sty
For additional information on amsmath, use the `?' option.
(C:\Users\mazou\AppData\Local\Programs\MiKTeX\tex/latex/amsmath\amstext.sty
(C:\Users\mazou\AppData\Local\Programs\MiKTeX\tex/latex/amsmath\amsgen.sty))
(C:\Users\mazou\AppData\Local\Programs\MiKTeX\tex/latex/amsmath\amsbsy.sty)
(C:\Users\mazou\AppData\Local\Programs\MiKTeX\tex/latex/amsmath\amsopn.sty))
(C:\Users\mazou\AppData\Local\Programs\MiKTeX\tex/latex/amsfonts\amssymb.sty
(C:\Users\mazou\AppData\Local\Programs\MiKTeX\tex/latex/amsfonts\amsfonts.sty))
 (C:\Users\mazou\AppData\Local\Programs\MiKTeX\tex/latex/booktabs\booktabs.sty)
 (C:\Users\mazou\AppData\Local\Programs\MiKTeX\tex/latex/multirow\multirow.sty)
 (C:\Users\mazou\AppData\Local\Programs\MiKTeX\tex/latex/makecell\makecell.sty
(C:\Users\mazou\AppData\Local\Programs\MiKTeX\tex/latex/tools\array.sty))
(C:\Users\mazou\AppData\Local\Programs\MiKTeX\tex/latex/xcolor\xcolor.sty
(C:\Users\mazou\AppData\Local\Programs\MiKTeX\tex/latex/graphics-cfg\color.cfg)
(C:\Users\mazou\AppData\Local\Programs\MiKTeX\tex/latex/graphics\mathcolor.ltx)
) (C:\Users\mazou\AppData\Local\Programs\MiKTeX\tex/latex/hyperref\hyperref.sty

(C:\Users\mazou\AppData\Local\Programs\MiKTeX\tex/latex/kvsetkeys\kvsetkeys.sty
)
(C:\Users\mazou\AppData\Local\Programs\MiKTeX\tex/generic/kvdefinekeys\kvdefine
keys.sty)
(C:\Users\mazou\AppData\Local\Programs\MiKTeX\tex/generic/pdfescape\pdfescape.s
ty
(C:\Users\mazou\AppData\Local\Programs\MiKTeX\tex/generic/ltxcmds\ltxcmds.sty)
(C:\Users\mazou\AppData\Local\Programs\MiKTeX\tex/generic/pdftexcmds\pdftexcmds
.sty
(C:\Users\mazou\AppData\Local\Programs\MiKTeX\tex/generic/infwarerr\infwarerr.s
ty)))
(C:\Users\mazou\AppData\Local\Programs\MiKTeX\tex/latex/hycolor\hycolor.sty)
(C:\Users\mazou\AppData\Local\Programs\MiKTeX\tex/latex/hyperref\nameref.sty
(C:\Users\mazou\AppData\Local\Programs\MiKTeX\tex/latex/refcount\refcount.sty)
(C:\Users\mazou\AppData\Local\Programs\MiKTeX\tex/generic/gettitlestring\gettit
lestring.sty
(C:\Users\mazou\AppData\Local\Programs\MiKTeX\tex/latex/kvoptions\kvoptions.sty
)))
(C:\Users\mazou\AppData\Local\Programs\MiKTeX\tex/generic/stringenc\stringenc.s
ty) (C:\Users\mazou\AppData\Local\Programs\MiKTeX\tex/latex/hyperref\pd1enc.def
) (C:\Users\mazou\AppData\Local\Programs\MiKTeX\tex/generic/intcalc\intcalc.sty
) (C:\Users\mazou\AppData\Local\Programs\MiKTeX\tex/latex/hyperref\puenc.def)
(C:\Users\mazou\AppData\Local\Programs\MiKTeX\tex/latex/url\url.sty)
(C:\Users\mazou\AppData\Local\Programs\MiKTeX\tex/generic/bitset\bitset.sty
(C:\Users\mazou\AppData\Local\Programs\MiKTeX\tex/generic/bigintcalc\bigintcalc
.sty))
(C:\Users\mazou\AppData\Local\Programs\MiKTeX\tex/latex/base\atbegshi-ltx.sty))
(C:\Users\mazou\AppData\Local\Programs\MiKTeX\tex/latex/hyperref\hpdftex.def
(C:\Users\mazou\AppData\Local\Programs\MiKTeX\tex/latex/base\atveryend-ltx.sty)

(C:\Users\mazou\AppData\Local\Programs\MiKTeX\tex/latex/rerunfilecheck\rerunfil
echeck.sty
(C:\Users\mazou\AppData\Local\Programs\MiKTeX\tex/generic/uniquecounter\uniquec
ounter.sty)))
(C:\Users\mazou\AppData\Local\Programs\MiKTeX\tex/latex/caption\subcaption.sty
(C:\Users\mazou\AppData\Local\Programs\MiKTeX\tex/latex/caption\caption.sty
(C:\Users\mazou\AppData\Local\Programs\MiKTeX\tex/latex/caption\caption3.sty
(C:\Users\mazou\AppData\Local\Programs\MiKTeX\tex/latex/caption\caption-elsarti
cle.sto))))
(C:\Users\mazou\AppData\Local\Programs\MiKTeX\tex/latex/txfonts\t1txr.fd)
(main.aux)
(C:\Users\mazou\AppData\Local\Programs\MiKTeX\tex/latex/txfonts\omltxmi.fd)
(C:\Users\mazou\AppData\Local\Programs\MiKTeX\tex/latex/txfonts\omstxsy.fd)
(C:\Users\mazou\AppData\Local\Programs\MiKTeX\tex/latex/txfonts\omxtxex.fd)
(C:\Users\mazou\AppData\Local\Programs\MiKTeX\tex/latex/txfonts\utxexa.fd)
(C:\Users\mazou\AppData\Local\Programs\MiKTeX\tex/context/base/mkii\supp-pdf.mk
ii
[Loading MPS to PDF converter (version 2006.09.02).]
)
(C:\Users\mazou\AppData\Local\Programs\MiKTeX\tex/latex/epstopdf-pkg\epstopdf-b
ase.sty
(C:\Users\mazou\AppData\Local\Programs\MiKTeX\tex/latex/00miktex\epstopdf-sys.c
fg))
*geometry* driver: auto-detecting
*geometry* detected driver: pdftex
(main.out) (main.out)
(C:\Users\mazou\AppData\Local\Programs\MiKTeX\tex/latex/txfonts\ot1txr.fd)
(C:\Users\mazou\AppData\Local\Programs\MiKTeX\tex/latex/txfonts\utxmia.fd)
(C:\Users\mazou\AppData\Local\Programs\MiKTeX\tex/latex/amsfonts\umsa.fd)
(C:\Users\mazou\AppData\Local\Programs\MiKTeX\tex/latex/amsfonts\umsb.fd)
(C:\Users\mazou\AppData\Local\Programs\MiKTeX\tex/latex/txfonts\utxsyc.fd)
[1{C:/Users/mazou/AppData/Local/MiKTeX/fonts/map/pdftex/pdftex.map}{C:/Users/ma
zou/AppData/Local/Programs/MiKTeX/fonts/enc/dvips/base/8r.enc}]
(sections/01_introduction.tex

Package natbib Warning: Citation `leclerc2019camus' on page 2 undefined on inpu
t line 8.


Package natbib Warning: Citation `ronneberger2015unet' on page 2 undefined on i
nput line 9.


Package natbib Warning: Citation `isensee2021nnunet' on page 2 undefined on inp
ut line 9.


Package natbib Warning: Citation `chen2021transunet' on page 2 undefined on inp
ut line 10.


Package natbib Warning: Citation `cao2022swinunet' on page 2 undefined on input
 line 10.


Package natbib Warning: Citation `leclerc2019camus' on page 2 undefined on inpu
t line 14.


[2]
[3]) (sections/02_related_work.tex

Package natbib Warning: Citation `leclerc2019camus' on page 4 undefined on inpu
t line 6.


Package natbib Warning: Citation `isensee2021nnunet' on page 4 undefined on inp
ut line 15.


Package natbib Warning: Citation `chen2021transunet' on page 4 undefined on inp
ut line 16.


Package natbib Warning: Citation `cao2022swinunet' on page 4 undefined on input
 line 17.


Package natbib Warning: Citation `he2017maskrcnn' on page 4 undefined on input 
line 41.


Package natbib Warning: Citation `bolya2019yolact' on page 4 undefined on input
 line 42.


Package natbib Warning: Citation `redmon2016yolo' on page 4 undefined on input 
line 44.


[4]) (sections/03_methods.tex

Package natbib Warning: Citation `leclerc2019camus' on page 5 undefined on inpu
t line 6.

(C:\Users\mazou\AppData\Local\Programs\MiKTeX\tex/latex/base\t1cmtt.fd)
[5]
[6] (C:\Users\mazou\AppData\Local\Programs\MiKTeX\tex/latex/txfonts\ts1txr.fd)
[7]
[8]) (sections/04_results.tex
[9] (tables/Y3_ceiling.tex) (tables/Y2_ablation.tex)
[10]
[11] (tables/Y1_main.tex) (tables/Y5_latency.tex)
[12] (tables/Y6_ef.tex)
Overfull \hbox (7.97641pt too wide) in paragraph at lines 190--199
 []\T1/txr/m/it/10 A fault in the ref-er-ence im-ple-men-ta-tion.[] \T1/txr/m/n
/10 The of-fi-cial Simp-son code se-lects \T1/cmtt/m/n/10 find_contours($\OMS/t
xsy/m/n/10 ^^A$\T1/cmtt/m/n/10 )[0]

[13]) (sections/05_discussion.tex
[14]
[15]) (sections/06_conclusion.tex
[16])
[17] (main.bbl
[18])

Package natbib Warning: There were undefined citations.


[19]
[20]
[21]
[22]
[23] (main.aux

Package natbib Warning: Citation(s) may have changed.
(natbib)                Rerun to get citations correct.

)

LaTeX Warning: Label(s) may have changed. Rerun to get cross-references right.

 )
(see the transcript file for additional information) <C:\Users\mazou\AppData\Lo
cal\MiKTeX\fonts/pk/ljfour/jknappen/ec/dpi600\ectt1000.pk><C:/Users/mazou/AppDa
ta/Local/Programs/MiKTeX/fonts/type1/public/txfonts/rtcxr.pfb><C:/Users/mazou/A
ppData/Local/Programs/MiKTeX/fonts/type1/public/txfonts/rtxbi.pfb><C:/Users/maz
ou/AppData/Local/Programs/MiKTeX/fonts/type1/public/txfonts/rtxi.pfb><C:/Users/
mazou/AppData/Local/Programs/MiKTeX/fonts/type1/public/txfonts/rtxmi.pfb><C:/Us
ers/mazou/AppData/Local/Programs/MiKTeX/fonts/type1/public/txfonts/rtxr.pfb><C:
/Users/mazou/AppData/Local/Programs/MiKTeX/fonts/type1/public/txfonts/txsy.pfb>
<C:/Users/mazou/AppData/Local/Programs/MiKTeX/fonts/type1/urw/times/utmb8a.pfb>
<C:/Users/mazou/AppData/Local/Programs/MiKTeX/fonts/type1/urw/times/utmbi8a.pfb
><C:/Users/mazou/AppData/Local/Programs/MiKTeX/fonts/type1/urw/times/utmr8a.pfb
><C:/Users/mazou/AppData/Local/Programs/MiKTeX/fonts/type1/urw/times/utmri8a.pf
b>
Output written on main.pdf (23 pages, 176813 bytes).
Transcript written on main.log.
Latexmk: Getting log file 'main.log'
Latexmk: Examining 'main.fls'
Latexmk: Examining 'main.log'
Latexmk: Found input bbl file 'main.bbl'
Latexmk: References changed.
Latexmk: References changed.
Latexmk: Log file says output to 'main.pdf'
Latexmk: Using bibtex to make bibliography file(s).
  ===Source file 'main.bbl' for 'pdflatex'
Latexmk: Found bibliography file(s):
  ./references.bib
Latexmk: applying rule 'bibtex main'...
Rule 'bibtex main':  Reasons for rerun
Changed files or newly in use/created:
  main.aux

------------
Run number 2 of rule 'bibtex main'
------------
------------
Running 'bibtex  "main.aux"'
------------
This is BibTeX, Version 0.99d (MiKTeX 24.4)
The top-level auxiliary file: main.aux
The style file: elsarticle-num.bst
Database file #1: references.bib
Latexmk: applying rule 'pdflatex'...
Rule 'pdflatex':  Reasons for rerun
Changed files or newly in use/created:
  main.aux
  main.spl

------------
Run number 3 of rule 'pdflatex'
------------
------------
Running 'pdflatex  -interaction=nonstopmode -recorder  "main.tex"'
------------
This is pdfTeX, Version 3.141592653-2.6-1.40.26 (MiKTeX 24.4) (preloaded format=pdflatex.fmt)
 restricted \write18 enabled.
entering extended mode
(main.tex
LaTeX2e <2024-06-01> patch level 2
L3 programming layer <2024-08-16>

(C:\Users\mazou\AppData\Local\Programs\MiKTeX\tex/latex/elsarticle\elsarticle.c
ls
Document Class: elsarticle 2026/01/09, 3.5: Elsevier Ltd
(C:\Users\mazou\AppData\Local\Programs\MiKTeX\tex/latex/base\fontenc.sty)
(C:\Users\mazou\AppData\Local\Programs\MiKTeX\tex/latex/l3kernel\expl3.sty
(C:\Users\mazou\AppData\Local\Programs\MiKTeX\tex/latex/l3backend\l3backend-pdf
tex.def))
(C:\Users\mazou\AppData\Local\Programs\MiKTeX\tex/latex/l3packages/xparse\xpars
e.sty)
(C:\Users\mazou\AppData\Local\Programs\MiKTeX\tex/latex/etoolbox\etoolbox.sty)
(C:\Users\mazou\AppData\Local\Programs\MiKTeX\tex/latex/base\article.cls
Document Class: article 2024/02/08 v1.4n Standard LaTeX document class
(C:\Users\mazou\AppData\Local\Programs\MiKTeX\tex/latex/base\size10.clo))
(C:\Users\mazou\AppData\Local\Programs\MiKTeX\tex/latex/graphics\graphicx.sty
(C:\Users\mazou\AppData\Local\Programs\MiKTeX\tex/latex/graphics\keyval.sty)
(C:\Users\mazou\AppData\Local\Programs\MiKTeX\tex/latex/graphics\graphics.sty
(C:\Users\mazou\AppData\Local\Programs\MiKTeX\tex/latex/graphics\trig.sty)
(C:\Users\mazou\AppData\Local\Programs\MiKTeX\tex/latex/graphics-cfg\graphics.c
fg)
(C:\Users\mazou\AppData\Local\Programs\MiKTeX\tex/latex/graphics-def\pdftex.def
))) (main.spl)
(C:\Users\mazou\AppData\Local\Programs\MiKTeX\tex/latex/natbib\natbib.sty)
(C:\Users\mazou\AppData\Local\Programs\MiKTeX\tex/latex/geometry\geometry.sty
(C:\Users\mazou\AppData\Local\Programs\MiKTeX\tex/generic/iftex\ifvtex.sty
(C:\Users\mazou\AppData\Local\Programs\MiKTeX\tex/generic/iftex\iftex.sty))
(C:\Users\mazou\AppData\Local\Programs\MiKTeX\tex/latex/geometry\geometry.cfg))
) (C:\Users\mazou\AppData\Local\Programs\MiKTeX\tex/latex/txfonts\txfonts.sty)
(C:\Users\mazou\AppData\Local\Programs\MiKTeX\tex/latex/amsmath\amsmath.sty
For additional information on amsmath, use the `?' option.
(C:\Users\mazou\AppData\Local\Programs\MiKTeX\tex/latex/amsmath\amstext.sty
(C:\Users\mazou\AppData\Local\Programs\MiKTeX\tex/latex/amsmath\amsgen.sty))
(C:\Users\mazou\AppData\Local\Programs\MiKTeX\tex/latex/amsmath\amsbsy.sty)
(C:\Users\mazou\AppData\Local\Programs\MiKTeX\tex/latex/amsmath\amsopn.sty))
(C:\Users\mazou\AppData\Local\Programs\MiKTeX\tex/latex/amsfonts\amssymb.sty
(C:\Users\mazou\AppData\Local\Programs\MiKTeX\tex/latex/amsfonts\amsfonts.sty))
 (C:\Users\mazou\AppData\Local\Programs\MiKTeX\tex/latex/booktabs\booktabs.sty)
 (C:\Users\mazou\AppData\Local\Programs\MiKTeX\tex/latex/multirow\multirow.sty)
 (C:\Users\mazou\AppData\Local\Programs\MiKTeX\tex/latex/makecell\makecell.sty
(C:\Users\mazou\AppData\Local\Programs\MiKTeX\tex/latex/tools\array.sty))
(C:\Users\mazou\AppData\Local\Programs\MiKTeX\tex/latex/xcolor\xcolor.sty
(C:\Users\mazou\AppData\Local\Programs\MiKTeX\tex/latex/graphics-cfg\color.cfg)
(C:\Users\mazou\AppData\Local\Programs\MiKTeX\tex/latex/graphics\mathcolor.ltx)
) (C:\Users\mazou\AppData\Local\Programs\MiKTeX\tex/latex/hyperref\hyperref.sty

(C:\Users\mazou\AppData\Local\Programs\MiKTeX\tex/latex/kvsetkeys\kvsetkeys.sty
)
(C:\Users\mazou\AppData\Local\Programs\MiKTeX\tex/generic/kvdefinekeys\kvdefine
keys.sty)
(C:\Users\mazou\AppData\Local\Programs\MiKTeX\tex/generic/pdfescape\pdfescape.s
ty
(C:\Users\mazou\AppData\Local\Programs\MiKTeX\tex/generic/ltxcmds\ltxcmds.sty)
(C:\Users\mazou\AppData\Local\Programs\MiKTeX\tex/generic/pdftexcmds\pdftexcmds
.sty
(C:\Users\mazou\AppData\Local\Programs\MiKTeX\tex/generic/infwarerr\infwarerr.s
ty)))
(C:\Users\mazou\AppData\Local\Programs\MiKTeX\tex/latex/hycolor\hycolor.sty)
(C:\Users\mazou\AppData\Local\Programs\MiKTeX\tex/latex/hyperref\nameref.sty
(C:\Users\mazou\AppData\Local\Programs\MiKTeX\tex/latex/refcount\refcount.sty)
(C:\Users\mazou\AppData\Local\Programs\MiKTeX\tex/generic/gettitlestring\gettit
lestring.sty
(C:\Users\mazou\AppData\Local\Programs\MiKTeX\tex/latex/kvoptions\kvoptions.sty
)))
(C:\Users\mazou\AppData\Local\Programs\MiKTeX\tex/generic/stringenc\stringenc.s
ty) (C:\Users\mazou\AppData\Local\Programs\MiKTeX\tex/latex/hyperref\pd1enc.def
) (C:\Users\mazou\AppData\Local\Programs\MiKTeX\tex/generic/intcalc\intcalc.sty
) (C:\Users\mazou\AppData\Local\Programs\MiKTeX\tex/latex/hyperref\puenc.def)
(C:\Users\mazou\AppData\Local\Programs\MiKTeX\tex/latex/url\url.sty)
(C:\Users\mazou\AppData\Local\Programs\MiKTeX\tex/generic/bitset\bitset.sty
(C:\Users\mazou\AppData\Local\Programs\MiKTeX\tex/generic/bigintcalc\bigintcalc
.sty))
(C:\Users\mazou\AppData\Local\Programs\MiKTeX\tex/latex/base\atbegshi-ltx.sty))
(C:\Users\mazou\AppData\Local\Programs\MiKTeX\tex/latex/hyperref\hpdftex.def
(C:\Users\mazou\AppData\Local\Programs\MiKTeX\tex/latex/base\atveryend-ltx.sty)

(C:\Users\mazou\AppData\Local\Programs\MiKTeX\tex/latex/rerunfilecheck\rerunfil
echeck.sty
(C:\Users\mazou\AppData\Local\Programs\MiKTeX\tex/generic/uniquecounter\uniquec
ounter.sty)))
(C:\Users\mazou\AppData\Local\Programs\MiKTeX\tex/latex/caption\subcaption.sty
(C:\Users\mazou\AppData\Local\Programs\MiKTeX\tex/latex/caption\caption.sty
(C:\Users\mazou\AppData\Local\Programs\MiKTeX\tex/latex/caption\caption3.sty
(C:\Users\mazou\AppData\Local\Programs\MiKTeX\tex/latex/caption\caption-elsarti
cle.sto))))
(C:\Users\mazou\AppData\Local\Programs\MiKTeX\tex/latex/txfonts\t1txr.fd)
(main.aux)
(C:\Users\mazou\AppData\Local\Programs\MiKTeX\tex/latex/txfonts\omltxmi.fd)
(C:\Users\mazou\AppData\Local\Programs\MiKTeX\tex/latex/txfonts\omstxsy.fd)
(C:\Users\mazou\AppData\Local\Programs\MiKTeX\tex/latex/txfonts\omxtxex.fd)
(C:\Users\mazou\AppData\Local\Programs\MiKTeX\tex/latex/txfonts\utxexa.fd)
(C:\Users\mazou\AppData\Local\Programs\MiKTeX\tex/context/base/mkii\supp-pdf.mk
ii
[Loading MPS to PDF converter (version 2006.09.02).]
)
(C:\Users\mazou\AppData\Local\Programs\MiKTeX\tex/latex/epstopdf-pkg\epstopdf-b
ase.sty
(C:\Users\mazou\AppData\Local\Programs\MiKTeX\tex/latex/00miktex\epstopdf-sys.c
fg))
*geometry* driver: auto-detecting
*geometry* detected driver: pdftex
(main.out) (main.out)
(C:\Users\mazou\AppData\Local\Programs\MiKTeX\tex/latex/txfonts\ot1txr.fd)
(C:\Users\mazou\AppData\Local\Programs\MiKTeX\tex/latex/txfonts\utxmia.fd)
(C:\Users\mazou\AppData\Local\Programs\MiKTeX\tex/latex/amsfonts\umsa.fd)
(C:\Users\mazou\AppData\Local\Programs\MiKTeX\tex/latex/amsfonts\umsb.fd)
(C:\Users\mazou\AppData\Local\Programs\MiKTeX\tex/latex/txfonts\utxsyc.fd)
[1{C:/Users/mazou/AppData/Local/MiKTeX/fonts/map/pdftex/pdftex.map}{C:/Users/ma
zou/AppData/Local/Programs/MiKTeX/fonts/enc/dvips/base/8r.enc}]
(sections/01_introduction.tex
[2]
[3]) (sections/02_related_work.tex
[4]) (sections/03_methods.tex
(C:\Users\mazou\AppData\Local\Programs\MiKTeX\tex/latex/base\t1cmtt.fd)
[5]
[6] (C:\Users\mazou\AppData\Local\Programs\MiKTeX\tex/latex/txfonts\ts1txr.fd)
[7]
[8]) (sections/04_results.tex
[9] (tables/Y3_ceiling.tex) (tables/Y2_ablation.tex)
[10]
[11] (tables/Y1_main.tex) (tables/Y5_latency.tex)
[12] (tables/Y6_ef.tex)
Overfull \hbox (7.97641pt too wide) in paragraph at lines 190--199
 []\T1/txr/m/it/10 A fault in the ref-er-ence im-ple-men-ta-tion.[] \T1/txr/m/n
/10 The of-fi-cial Simp-son code se-lects \T1/cmtt/m/n/10 find_contours($\OMS/t
xsy/m/n/10 ^^A$\T1/cmtt/m/n/10 )[0]

[13]) (sections/05_discussion.tex
[14]
[15]) (sections/06_conclusion.tex
[16])
[17] (main.bbl
[18])
[19]
[20]
[21]
[22]
[23] (main.aux) )
(see the transcript file for additional information) <C:\Users\mazou\AppData\Lo
cal\MiKTeX\fonts/pk/ljfour/jknappen/ec/dpi600\ectt1000.pk><C:/Users/mazou/AppDa
ta/Local/Programs/MiKTeX/fonts/type1/public/txfonts/rtcxr.pfb><C:/Users/mazou/A
ppData/Local/Programs/MiKTeX/fonts/type1/public/txfonts/rtxbi.pfb><C:/Users/maz
ou/AppData/Local/Programs/MiKTeX/fonts/type1/public/txfonts/rtxi.pfb><C:/Users/
mazou/AppData/Local/Programs/MiKTeX/fonts/type1/public/txfonts/rtxmi.pfb><C:/Us
ers/mazou/AppData/Local/Programs/MiKTeX/fonts/type1/public/txfonts/rtxr.pfb><C:
/Users/mazou/AppData/Local/Programs/MiKTeX/fonts/type1/public/txfonts/txsy.pfb>
<C:/Users/mazou/AppData/Local/Programs/MiKTeX/fonts/type1/urw/times/utmb8a.pfb>
<C:/Users/mazou/AppData/Local/Programs/MiKTeX/fonts/type1/urw/times/utmbi8a.pfb
><C:/Users/mazou/AppData/Local/Programs/MiKTeX/fonts/type1/urw/times/utmr8a.pfb
><C:/Users/mazou/AppData/Local/Programs/MiKTeX/fonts/type1/urw/times/utmri8a.pf
b>
Output written on main.pdf (23 pages, 178919 bytes).
Transcript written on main.log.
Latexmk: Getting log file 'main.log'
Latexmk: Examining 'main.fls'
Latexmk: Examining 'main.log'
Latexmk: Found input bbl file 'main.bbl'
Latexmk: Log file says output to 'main.pdf'
Latexmk: Using bibtex to make bibliography file(s).
  ===Source file 'main.bbl' for 'pdflatex'
Latexmk: Found bibliography file(s):
  ./references.bib
Latexmk: All targets (main.pdf) are up-to-date

